// Jest Snapshot v1, https://goo.gl/fbAQLP

exports[`Frontend has correct defaults 1`] = `
{
  "apiKey": undefined,
  "departureDate": "TODAY",
  "departureTimes": [
    {
      "hours": 13,
      "minutes": 30,
    },
  ],
  "destination": undefined,
  "language": undefined,
  "lastUpdateFormat": "HH:mm",
  "origin": undefined,
  "trafficModel": "best_guess",
  "updateIntervalInSeconds": 5,
}
`;
